// Jest Snapshot v1, https://goo.gl/fbAQLP

exports[`Test paginator component Test render 1`] = `"<ul class=\\"pagination\\"><li class=\\"page-item active\\"><span class=\\"page-link\\">1<span class=\\"sr-only\\">(current)</span></span></li><li class=\\"page-item\\"><a class=\\"page-link\\" role=\\"button\\" href=\\"#\\">2</a></li></ul>"`;
