// Jest Snapshot v1, https://goo.gl/fbAQLP

exports[`Test error element Test render 1`] = `"<div>common.errorOccurred</div>"`;
