// Jest Snapshot v1, https://goo.gl/fbAQLP

exports[`Test user can component unconnected Test render 1`] = `"null"`;
